Last login: Wed Jan 15 17:27:54 on ttys000
brew install git-lfs
(base) abhisheksenapati@Mac ~ % brew install git-lfs
==> Downloading https://formulae.brew.sh/api/formula.jws.json
##O#- #                                                                         
==> Downloading https://formulae.brew.sh/api/cask.jws.json
######################################################################### 100.0%
Warning: git-lfs 3.6.1 is already installed and up-to-date.
To reinstall 3.6.1, run:
  brew reinstall git-lfs
(base) abhisheksenapati@Mac ~ % git lfs install

Git LFS initialized.
(base) abhisheksenapati@Mac ~ % git clone https://github.com/baabhishek/Car-Insurance-Claim-Prediction.git

Cloning into 'Car-Insurance-Claim-Prediction'...
remote: Enumerating objects: 25, done.
remote: Counting objects: 100% (25/25), done.
remote: Compressing objects: 100% (23/23), done.
remote: Total 25 (delta 11), reused 0 (delta 0), pack-reused 0 (from 0)
Receiving objects: 100% (25/25), 10.90 KiB | 137.00 KiB/s, done.
Resolving deltas: 100% (11/11), done.
(base) abhisheksenapati@Mac ~ % cd Car-Insurance-Claim-Prediction

(base) abhisheksenapati@Mac Car-Insurance-Claim-Prediction % git lfs track "*.ipynb"

Tracking "*.ipynb"
(base) abhisheksenapati@Mac Car-Insurance-Claim-Prediction % cat .gitattributes

*.ipynb filter=lfs diff=lfs merge=lfs -text
(base) abhisheksenapati@Mac Car-Insurance-Claim-Prediction % git add "2_Car_Insurance_Prediction_EDA.ipynb" "1_Car_Insurance_cleaning & Pre_processing.ipynb" "3_Car_Insurance_model_building.ipynb"

fatal: pathspec '2_Car_Insurance_Prediction_EDA.ipynb' did not match any files
(base) abhisheksenapati@Mac Car-Insurance-Claim-Prediction % cd "/Users/abhisheksenapati/Desktop/Machine Learning & Stats/Machine Learning-ML/Case study/Car_Insurance_Project/"

(base) abhisheksenapati@Mac Car_Insurance_Project % ls

1_Car_Insurance_cleaning & Pre_processing.html	car_insurance_data_to_eda.csv
1_Car_Insurance_cleaning & Pre_processing.ipynb	car_insurance_data_to_eda.pkl
2_Car_Insurance_Prediction_EDA.html		carinsurance_logisticregression.pkl
2_Car_Insurance_Prediction_EDA.ipynb		carinsurance_randomforest.pkl
3_Car_Insurance_model_building.html		carinsurance_svm.pkl
3_Car_Insurance_model_building.ipynb		carinsurance_xgb_clas.pkl
Data (1).csv					y_smote.pkl
X_smote.pkl
(base) abhisheksenapati@Mac Car_Insurance_Project % git add "1_Car_Insurance_cleaning & Pre_processing.ipynb"
git add "2_Car_Insurance_Prediction_EDA.ipynb"
git add "3_Car_Insurance_model_building.ipynb"

fatal: not a git repository (or any of the parent directories): .git
fatal: not a git repository (or any of the parent directories): .git
fatal: not a git repository (or any of the parent directories): .git
(base) abhisheksenapati@Mac Car_Insurance_Project % git init

hint: Using 'master' as the name for the initial branch. This default branch name
hint: is subject to change. To configure the initial branch name to use in all
hint: of your new repositories, which will suppress this warning, call:
hint:
hint: 	git config --global init.defaultBranch <name>
hint:
hint: Names commonly chosen instead of 'master' are 'main', 'trunk' and
hint: 'development'. The just-created branch can be renamed via this command:
hint:
hint: 	git branch -m <name>
Initialized empty Git repository in /Users/abhisheksenapati/Desktop/Machine Learning & Stats/Machine Learning-ML/Case study/Car_Insurance_Project/.git/
(base) abhisheksenapati@Mac Car_Insurance_Project % git remote add origin https://github.com/baabhishek/Car-Insurance-Claim-Prediction.git

(base) abhisheksenapati@Mac Car_Insurance_Project % git lfs install
git lfs track "*.ipynb"

Updated Git hooks.
Git LFS initialized.
Tracking "*.ipynb"
(base) abhisheksenapati@Mac Car_Insurance_Project % git add "1_Car_Insurance_cleaning & Pre_processing.ipynb"
git add "2_Car_Insurance_Prediction_EDA.ipynb"
git add "3_Car_Insurance_model_building.ipynb"

(base) abhisheksenapati@Mac Car_Insurance_Project % git status

On branch master

No commits yet

Changes to be committed:
  (use "git rm --cached <file>..." to unstage)
	new file:   1_Car_Insurance_cleaning & Pre_processing.ipynb
	new file:   2_Car_Insurance_Prediction_EDA.ipynb
	new file:   3_Car_Insurance_model_building.ipynb

Untracked files:
  (use "git add <file>..." to include in what will be committed)
	.DS_Store
	.gitattributes
	.ipynb_checkpoints/
	1_Car_Insurance_cleaning & Pre_processing.html
	2_Car_Insurance_Prediction_EDA.html
	3_Car_Insurance_model_building.html
	Data (1).csv
	X_smote.pkl
	car_insurance_data_to_eda.csv
	car_insurance_data_to_eda.pkl
	carinsurance_logisticregression.pkl
	carinsurance_randomforest.pkl
	carinsurance_svm.pkl
	carinsurance_xgb_clas.pkl
	y_smote.pkl

(base) abhisheksenapati@Mac Car_Insurance_Project % git lfs track "*.ipynb"

"*.ipynb" already supported
(base) abhisheksenapati@Mac Car_Insurance_Project % git add "Data (1).csv"
git add "X_smote.pkl"
git add "car_insurance_data_to_eda.csv"
git add "car_insurance_data_to_eda.pkl"
git add "carinsurance_logisticregression.pkl"
git add "carinsurance_randomforest.pkl"
git add "carinsurance_svm.pkl"
git add "carinsurance_xgb_clas.pkl"
git add "y_smote.pkl"

(base) abhisheksenapati@Mac Car_Insurance_Project % touch .gitignore

(base) abhisheksenapati@Mac Car_Insurance_Project % git commit -m "Add notebooks, models, and data files"

[master (root-commit) ab9b073] Add notebooks, models, and data files
 12 files changed, 117195 insertions(+)
 create mode 100644 1_Car_Insurance_cleaning & Pre_processing.ipynb
 create mode 100644 2_Car_Insurance_Prediction_EDA.ipynb
 create mode 100644 3_Car_Insurance_model_building.ipynb
 create mode 100644 Data (1).csv
 create mode 100644 X_smote.pkl
 create mode 100644 car_insurance_data_to_eda.csv
 create mode 100644 car_insurance_data_to_eda.pkl
 create mode 100644 carinsurance_logisticregression.pkl
 create mode 100644 carinsurance_randomforest.pkl
 create mode 100644 carinsurance_svm.pkl
 create mode 100644 carinsurance_xgb_clas.pkl
 create mode 100644 y_smote.pkl
(base) abhisheksenapati@Mac Car_Insurance_Project % git push origin main

error: src refspec main does not match any
error: failed to push some refs to 'https://github.com/baabhishek/Car-Insurance-Claim-Prediction.git'
(base) abhisheksenapati@Mac Car_Insurance_Project % git branch

* master
(base) abhisheksenapati@Mac Car_Insurance_Project % git push origin master

Username for 'https://github.com': baabhishek
Password for 'https://baabhishek@github.com': 
remote: Support for password authentication was removed on August 13, 2021.
remote: Please see https://docs.github.com/get-started/getting-started-with-git/about-remote-repositories#cloning-with-https-urls for information on currently recommended modes of authentication.
fatal: Authentication failed for 'https://github.com/baabhishek/Car-Insurance-Claim-Prediction.git/'
(base) abhisheksenapati@Mac Car_Insurance_Project % git push origin master

Username for 'https://github.com': baabhishek
Password for 'https://baabhishek@github.com': 
Uploading LFS objects: 100% (3/3), 115 MB | 2.4 MB/s, done.                                                           Enumerating objects: 14, done.                                                 
Counting objects: 100% (14/14), done.
Delta compression using up to 8 threads
Compressing objects: 100% (14/14), done.
Writing objects: 100% (14/14), 40.72 MiB | 1.44 MiB/s, done.
Total 14 (delta 2), reused 0 (delta 0), pack-reused 0 (from 0)
remote: Resolving deltas: 100% (2/2), done.
remote: error: Trace: a0ef56f7846402d2ecd10a895adc15a767b619ea8c051bc40360ab1f73911200
remote: error: See https://gh.io/lfs for more information.
remote: error: File carinsurance_randomforest.pkl is 193.06 MB; this exceeds GitHub's file size limit of 100.00 MB
remote: error: GH001: Large files detected. You may want to try Git Large File Storage - https://git-lfs.github.com.
To https://github.com/baabhishek/Car-Insurance-Claim-Prediction.git
 ! [remote rejected] master -> master (pre-receive hook declined)
error: failed to push some refs to 'https://github.com/baabhishek/Car-Insurance-Claim-Prediction.git'
(base) abhisheksenapati@Mac Car_Insurance_Project % ls -lh carinsurance_randomforest.pkl

-rw-r--r--  1 abhisheksenapati  staff   193M Jan  9 23:43 carinsurance_randomforest.pkl
(base) abhisheksenapati@Mac Car_Insurance_Project % git lfs track "*.pkl"

Tracking "*.pkl"
(base) abhisheksenapati@Mac Car_Insurance_Project % git add "*.ipynb"

(base) abhisheksenapati@Mac Car_Insurance_Project % git commit -m "Add Jupyter Notebooks"

[master 00874c9] Add Jupyter Notebooks
 3 files changed, 9 insertions(+)
 create mode 100644 .ipynb_checkpoints/1_Car_Insurance_cleaning & Pre_processing-checkpoint.ipynb
 create mode 100644 .ipynb_checkpoints/2_Car_Insurance_Prediction_EDA-checkpoint.ipynb
 create mode 100644 .ipynb_checkpoints/3_Car_Insurance_model_building-checkpoint.ipynb
(base) abhisheksenapati@Mac Car_Insurance_Project % git push origin master

Uploading LFS objects: 100% (4/4), 115 MB | 0 B/s, done.                                                              
Enumerating objects: 18, done.
Counting objects: 100% (18/18), done.
Delta compression using up to 8 threads
Compressing objects: 100% (18/18), done.
Writing objects: 100% (18/18), 40.72 MiB | 1.87 MiB/s, done.
Total 18 (delta 4), reused 0 (delta 0), pack-reused 0 (from 0)
remote: Resolving deltas: 100% (4/4), done.
remote: error: Trace: 28ff8a7a1f3ac3c88a66bd04954e04ea2f2e936f514f0aebde632ebdb5941c1c
remote: error: See https://gh.io/lfs for more information.
remote: error: File carinsurance_randomforest.pkl is 193.06 MB; this exceeds GitHub's file size limit of 100.00 MB
remote: error: GH001: Large files detected. You may want to try Git Large File Storage - https://git-lfs.github.com.
To https://github.com/baabhishek/Car-Insurance-Claim-Prediction.git
 ! [remote rejected] master -> master (pre-receive hook declined)
error: failed to push some refs to 'https://github.com/baabhishek/Car-Insurance-Claim-Prediction.git'
(base) abhisheksenapati@Mac Car_Insurance_Project % git lfs untrack "*.pkl"

Untracking "*.pkl"
(base) abhisheksenapati@Mac Car_Insurance_Project % git reset HEAD carinsurance_randomforest.pkl
git reset HEAD carinsurance_logisticregression.pkl
git reset HEAD carinsurance_svm.pkl
git reset HEAD carinsurance_xgb_clas.pkl
git reset HEAD y_smote.pkl
git reset HEAD X_smote.pkl

(base) abhisheksenapati@Mac Car_Insurance_Project % git commit -m "Remove .pkl files and push only .ipynb files"

On branch master
Untracked files:
  (use "git add <file>..." to include in what will be committed)
	.DS_Store
	.gitattributes
	.gitignore
	1_Car_Insurance_cleaning & Pre_processing.html
	2_Car_Insurance_Prediction_EDA.html
	3_Car_Insurance_model_building.html

nothing added to commit but untracked files present (use "git add" to track)
(base) abhisheksenapati@Mac Car_Insurance_Project % git add "*.ipynb"

(base) abhisheksenapati@Mac Car_Insurance_Project % git commit -m "Add Jupyter Notebooks only"

On branch master
Untracked files:
  (use "git add <file>..." to include in what will be committed)
	.DS_Store
	.gitattributes
	.gitignore
	1_Car_Insurance_cleaning & Pre_processing.html
	2_Car_Insurance_Prediction_EDA.html
	3_Car_Insurance_model_building.html

nothing added to commit but untracked files present (use "git add" to track)
(base) abhisheksenapati@Mac Car_Insurance_Project % echo "*.html" >> .gitignore
echo "*.pkl" >> .gitignore
echo "*.csv" >> .gitignore

(base) abhisheksenapati@Mac Car_Insurance_Project % git push origin master

Uploading LFS objects: 100% (4/4), 115 MB | 0 B/s, done.                                                              
Enumerating objects: 18, done.
Counting objects: 100% (18/18), done.
Delta compression using up to 8 threads
Compressing objects: 100% (18/18), done.
Writing objects: 100% (18/18), 40.72 MiB | 1.95 MiB/s, done.
Total 18 (delta 4), reused 0 (delta 0), pack-reused 0 (from 0)
remote: Resolving deltas: 100% (4/4), done.
remote: error: Trace: cd96f08f98e04b5fd1362d2ae353efc7cf9555847fb8727c8879ae21e26c4d1c
remote: error: See https://gh.io/lfs for more information.
remote: error: File carinsurance_randomforest.pkl is 193.06 MB; this exceeds GitHub's file size limit of 100.00 MB
remote: error: GH001: Large files detected. You may want to try Git Large File Storage - https://git-lfs.github.com.
To https://github.com/baabhishek/Car-Insurance-Claim-Prediction.git
 ! [remote rejected] master -> master (pre-receive hook declined)
error: failed to push some refs to 'https://github.com/baabhishek/Car-Insurance-Claim-Prediction.git'
(base) abhisheksenapati@Mac Car_Insurance_Project % git rm --cached carinsurance_randomforest.pkl

rm 'carinsurance_randomforest.pkl'
(base) abhisheksenapati@Mac Car_Insurance_Project % git add .gitignore

(base) abhisheksenapati@Mac Car_Insurance_Project % git commit -m "Stop tracking large files and update .gitignore"

[master 6613e3e] Stop tracking large files and update .gitignore
 2 files changed, 3 insertions(+)
 create mode 100644 .gitignore
 delete mode 100644 carinsurance_randomforest.pkl
(base) abhisheksenapati@Mac Car_Insurance_Project % git push origin master

Uploading LFS objects: 100% (4/4), 115 MB | 0 B/s, done.                                                              
Enumerating objects: 21, done.
Counting objects: 100% (21/21), done.
Delta compression using up to 8 threads
Compressing objects: 100% (20/20), done.
Writing objects: 100% (21/21), 40.72 MiB | 1.46 MiB/s, done.
Total 21 (delta 5), reused 0 (delta 0), pack-reused 0 (from 0)
remote: Resolving deltas: 100% (5/5), done.
remote: error: Trace: 68bb1800ad48f3b8e2a6edb6c2d5f478cedcb863e908363692d5b69fa09de58e
remote: error: See https://gh.io/lfs for more information.
remote: error: File carinsurance_randomforest.pkl is 193.06 MB; this exceeds GitHub's file size limit of 100.00 MB
remote: error: GH001: Large files detected. You may want to try Git Large File Storage - https://git-lfs.github.com.
To https://github.com/baabhishek/Car-Insurance-Claim-Prediction.git
 ! [remote rejected] master -> master (pre-receive hook declined)
error: failed to push some refs to 'https://github.com/baabhishek/Car-Insurance-Claim-Prediction.git'
(base) abhisheksenapati@Mac Car_Insurance_Project % git filter-branch --force --index-filter \
  "git rm --cached --ignore-unmatch carinsurance_randomforest.pkl" \
  --prune-empty --tag-name-filter cat -- --all

WARNING: git-filter-branch has a glut of gotchas generating mangled history
	 rewrites.  Hit Ctrl-C before proceeding to abort, then use an
	 alternative filtering tool such as 'git filter-repo'
	 (https://github.com/newren/git-filter-repo/) instead.  See the
	 filter-branch manual page for more details; to squelch this warning,
	 set FILTER_BRANCH_SQUELCH_WARNING=1.
Proceeding with filter-branch...

Rewrite ab9b0738b948c0455aad9eaee6604d48e1ea18f0 (1/3) (0 seconds passed, remaining 0 predicted)    rm 'carinsurance_randomforest.pkl'
Rewrite 00874c92671fe5ea43d1d154d622d22b151b0c14 (2/3) (0 seconds passed, remaining 0 predicted)    rm 'carinsurance_randomforest.pkl'
Rewrite 6613e3e7a68ee4616216093029074072eaaf8c0f (3/3) (0 seconds passed, remaining 0 predicted)    
Ref 'refs/heads/master' was rewritten
(base) abhisheksenapati@Mac Car_Insurance_Project % echo "*.pkl" >> .gitignore

(base) abhisheksenapati@Mac Car_Insurance_Project % git add .gitignore
git commit -m "Remove large .pkl file from history and update .gitignore"

[master 122514c] Remove large .pkl file from history and update .gitignore
 1 file changed, 1 insertion(+)
(base) abhisheksenapati@Mac Car_Insurance_Project % git push origin master --force

Uploading LFS objects: 100% (4/4), 115 MB | 0 B/s, done.                                                              
Enumerating objects: 23, done.
Counting objects: 100% (23/23), done.
Delta compression using up to 8 threads
Compressing objects: 100% (21/21), done.
Writing objects: 100% (23/23), 7.14 MiB | 830.00 KiB/s, done.
Total 23 (delta 6), reused 0 (delta 0), pack-reused 0 (from 0)
remote: Resolving deltas: 100% (6/6), done.
remote: 
remote: Create a pull request for 'master' on GitHub by visiting:
remote:      https://github.com/baabhishek/Car-Insurance-Claim-Prediction/pull/new/master
remote: 
To https://github.com/baabhishek/Car-Insurance-Claim-Prediction.git
 * [new branch]      master -> master
(base) abhisheksenapati@Mac Car_Insurance_Project % git branch

* master
(base) abhisheksenapati@Mac Car_Insurance_Project % git checkout master

Already on 'master'
(base) abhisheksenapati@Mac Car_Insurance_Project % git add *.ipynb README.md

fatal: pathspec 'README.md' did not match any files
(base) abhisheksenapati@Mac Car_Insurance_Project % ls

1_Car_Insurance_cleaning & Pre_processing.html	car_insurance_data_to_eda.csv
1_Car_Insurance_cleaning & Pre_processing.ipynb	car_insurance_data_to_eda.pkl
2_Car_Insurance_Prediction_EDA.html		carinsurance_logisticregression.pkl
2_Car_Insurance_Prediction_EDA.ipynb		carinsurance_randomforest.pkl
3_Car_Insurance_model_building.html		carinsurance_svm.pkl
3_Car_Insurance_model_building.ipynb		carinsurance_xgb_clas.pkl
Data (1).csv					y_smote.pkl
X_smote.pkl
(base) abhisheksenapati@Mac Car_Insurance_Project % mv main/README.md README.md

mv: rename main/README.md to README.md: No such file or directory
(base) abhisheksenapati@Mac Car_Insurance_Project % git add README.md

fatal: pathspec 'README.md' did not match any files
(base) abhisheksenapati@Mac Car_Insurance_Project % ls -R

1_Car_Insurance_cleaning & Pre_processing.html	car_insurance_data_to_eda.csv
1_Car_Insurance_cleaning & Pre_processing.ipynb	car_insurance_data_to_eda.pkl
2_Car_Insurance_Prediction_EDA.html		carinsurance_logisticregression.pkl
2_Car_Insurance_Prediction_EDA.ipynb		carinsurance_randomforest.pkl
3_Car_Insurance_model_building.html		carinsurance_svm.pkl
3_Car_Insurance_model_building.ipynb		carinsurance_xgb_clas.pkl
Data (1).csv					y_smote.pkl
X_smote.pkl
(base) abhisheksenapati@Mac Car_Insurance_Project % git checkout main

error: pathspec 'main' did not match any file(s) known to git
(base) abhisheksenapati@Mac Car_Insurance_Project % git branch -a

* master
  remotes/origin/master
(base) abhisheksenapati@Mac Car_Insurance_Project % git checkout master

Already on 'master'
(base) abhisheksenapati@Mac Car_Insurance_Project % echo "# Car Insurance Claim Prediction" > README.md

(base) abhisheksenapati@Mac Car_Insurance_Project % git add README.md

(base) abhisheksenapati@Mac Car_Insurance_Project % git commit -m "Add README.md to the root directory"

[master e7f4983] Add README.md to the root directory
 1 file changed, 1 insertion(+)
 create mode 100644 README.md
(base) abhisheksenapati@Mac Car_Insurance_Project % git push origin master

Enumerating objects: 4, done.
Counting objects: 100% (4/4), done.
Delta compression using up to 8 threads
Compressing objects: 100% (2/2), done.
Writing objects: 100% (3/3), 346 bytes | 346.00 KiB/s, done.
Total 3 (delta 1), reused 0 (delta 0), pack-reused 0 (from 0)
remote: Resolving deltas: 100% (1/1), completed with 1 local object.
To https://github.com/baabhishek/Car-Insurance-Claim-Prediction.git
   122514c..e7f4983  master -> master
(base) abhisheksenapati@Mac Car_Insurance_Project % 
